// Jest Snapshot v1, https://goo.gl/fbAQLP

exports[`renders correctly 1`] = `
<div
  className="row display grid-x game"
>
  <div
    className="columns large-6 large-offset-3"
  >
    <h1>
      Rock, Paper, Scissors!!!
    </h1>
    <div>
      <div
        className="begin"
      >
        <h2>
          Press any button to begin
        </h2>
      </div>
    </div>
    <div
      className="buttons"
    >
      <button
        onClick={[Function]}
      >
        <img
          alt="rock"
          src="https://s3-us-west-2.amazonaws.com/birthright-israel.bodiewebdesign.com/images/main/rock.png"
        />
      </button>
      <button
        onClick={[Function]}
      >
        <img
          alt="paper"
          src="https://s3-us-west-2.amazonaws.com/birthright-israel.bodiewebdesign.com/images/main/paper.png"
        />
      </button>
      <button
        onClick={[Function]}
      >
        <img
          alt="scissors"
          src="https://s3-us-west-2.amazonaws.com/birthright-israel.bodiewebdesign.com/images/main/scissors.png"
        />
      </button>
      <button
        onClick={[Function]}
      >
        Reset
      </button>
    </div>
  </div>
</div>
`;
