// Jest Snapshot v1, https://goo.gl/fbAQLP

exports[`renders correctly 1`] = `
<div>
  <div
    className="begin"
  >
    <h2>
      Press any button to begin
    </h2>
  </div>
</div>
`;
