// Jest Snapshot v1, https://goo.gl/fbAQLP

exports[`renders correctly 1`] = `
<header>
  <div
    className="top-bar"
  >
    <div
      className="top-bar-left"
    >
      <h4>
        Adam's Birthright Trip to Israel
      </h4>
    </div>
  </div>
</header>
`;
