// Jest Snapshot v1, https://goo.gl/fbAQLP

exports[`renders correctly 1`] = `
<div
  className="cover"
>
  <img
    alt="Cover"
    src="cover.jpg"
  />
  <a
    className="landingLink"
    href="/index"
    onClick={[Function]}
  >
    Enter
  </a>
</div>
`;
