// Jest Snapshot v1, https://goo.gl/fbAQLP

exports[`renders correctly 1`] = `
<div
  className="404"
>
  <h1>
    Page Not Found
  </h1>
  <div
    className="row display grid-x noMatch"
  >
    <div
      className="columns small-4"
    >
      <img
        alt="bathroom"
        src="https://s3-us-west-2.amazonaws.com/birthright-israel.bodiewebdesign.com/images/main/bathroom.jpg"
      />
    </div>
    <div
      className="columns small-8"
    >
      <p>
        If you're looking for the bathroom, you've come to the right place.
      </p>
      <p>
        If you're looking for the link for 
        <strong>
          /dashboard/
        </strong>
        , it doesn't exist.
      </p>
      <p>
        If you believe 
        /dashboard/
         exists, please contact the 
        <a
          href="mailto:fake-email-address@xyz.com"
        >
          administrator
        </a>
        .
      </p>
      <p>
        Otherwise, go back and try again.
      </p>
    </div>
  </div>
</div>
`;
