// Jest Snapshot v1, https://goo.gl/fbAQLP

exports[`renders correctly 1`] = `
<div
  className="row display grid-x post"
>
  <div
    className="columns large-8 large-offset-2"
  >
    <h1>
      Title
    </h1>
    <div
      className="slick-slider slick-initialized"
    >
      
      <div
        className="slick-list"
      >
        <div
          className="slick-track"
          onMouseEnter={[Function]}
          onMouseLeave={[Function]}
          onMouseOver={[Function]}
          style={
            Object {
              "WebkitTransform": "translate3d(0px, 0px, 0px)",
              "WebkitTransition": "",
              "msTransform": "translateX(0px)",
              "opacity": 1,
              "transform": "translate3d(0px, 0px, 0px)",
              "transition": "",
            }
          }
        />
      </div>
      
      
    </div>
    <div
      className="article"
    >
      <p>
        Lorem ipsum dolor sit amet, consectetur adipiscing elit.
      </p>
    </div>
  </div>
</div>
`;
