// Jest Snapshot v1, https://goo.gl/fbAQLP

exports[`renders correctly 1`] = `
<div
  className="slick-slider slick-initialized"
  dir="ltr"
>
  <button
    className="slick-arrow slick-prev"
    data-role="none"
    onClick={[Function]}
    style={
      Object {
        "display": "block",
      }
    }
    type="button"
  >
     
    Previous
  </button>
  <div
    className="slick-list"
    onClick={[Function]}
    onKeyDown={[Function]}
    onMouseDown={[Function]}
    onMouseLeave={null}
    onMouseMove={null}
    onMouseUp={[Function]}
    onTouchCancel={null}
    onTouchEnd={[Function]}
    onTouchMove={null}
    onTouchStart={[Function]}
    style={Object {}}
  >
    <div
      className="slick-track"
      onMouseEnter={[Function]}
      onMouseLeave={[Function]}
      onMouseOver={[Function]}
      style={
        Object {
          "WebkitTransform": "translate3d(0px, 0px, 0px)",
          "WebkitTransition": "",
          "msTransform": "translateX(0px)",
          "opacity": 1,
          "transform": "translate3d(0px, 0px, 0px)",
          "transition": "",
        }
      }
    >
      <div
        aria-hidden={true}
        className="slick-slide slick-cloned"
        data-index={-1}
        onClick={[Function]}
        style={
          Object {
            "width": 0,
          }
        }
        tabIndex="-1"
      >
        <div>
          <div
            style={
              Object {
                "display": "inline-block",
                "width": "100%",
              }
            }
            tabIndex={-1}
          >
            <img
              alt="title1"
              src="/assets/photos/IMG_4001.JPG"
            />
            <h3>
              title1
            </h3>
            <p>
              2
               of 
              2
            </p>
          </div>
        </div>
      </div>
      <div
        aria-hidden={false}
        className="slick-slide slick-active slick-current"
        data-index={0}
        onClick={[Function]}
        style={
          Object {
            "outline": "none",
            "width": 0,
          }
        }
        tabIndex="-1"
      >
        <div>
          <div
            style={
              Object {
                "display": "inline-block",
                "width": "100%",
              }
            }
            tabIndex={-1}
          >
            <img
              alt="title"
              src="/assets/photos/IMG_4000.JPG"
            />
            <h3>
              title
            </h3>
            <p>
              1
               of 
              2
            </p>
          </div>
        </div>
      </div>
      <div
        aria-hidden={true}
        className="slick-slide"
        data-index={1}
        onClick={[Function]}
        style={
          Object {
            "outline": "none",
            "width": 0,
          }
        }
        tabIndex="-1"
      >
        <div>
          <div
            style={
              Object {
                "display": "inline-block",
                "width": "100%",
              }
            }
            tabIndex={-1}
          >
            <img
              alt="title1"
              src="/assets/photos/IMG_4001.JPG"
            />
            <h3>
              title1
            </h3>
            <p>
              2
               of 
              2
            </p>
          </div>
        </div>
      </div>
      <div
        aria-hidden={true}
        className="slick-slide slick-cloned"
        data-index={2}
        onClick={[Function]}
        style={
          Object {
            "width": 0,
          }
        }
        tabIndex="-1"
      >
        <div>
          <div
            style={
              Object {
                "display": "inline-block",
                "width": "100%",
              }
            }
            tabIndex={-1}
          >
            <img
              alt="title"
              src="/assets/photos/IMG_4000.JPG"
            />
            <h3>
              title
            </h3>
            <p>
              1
               of 
              2
            </p>
          </div>
        </div>
      </div>
      <div
        aria-hidden={true}
        className="slick-slide slick-cloned"
        data-index={3}
        onClick={[Function]}
        style={
          Object {
            "width": 0,
          }
        }
        tabIndex="-1"
      >
        <div>
          <div
            style={
              Object {
                "display": "inline-block",
                "width": "100%",
              }
            }
            tabIndex={-1}
          >
            <img
              alt="title1"
              src="/assets/photos/IMG_4001.JPG"
            />
            <h3>
              title1
            </h3>
            <p>
              2
               of 
              2
            </p>
          </div>
        </div>
      </div>
    </div>
  </div>
  <button
    className="slick-arrow slick-next"
    data-role="none"
    onClick={[Function]}
    style={
      Object {
        "display": "block",
      }
    }
    type="button"
  >
     
    Next
  </button>
</div>
`;
